// Jest Snapshot v1, https://goo.gl/fbAQLP

exports[`Lesson Navigator tests basic tests matches the snapshot 1`] = `
.c0 {
  outline: none;
  margin: 0;
  font-family: inherit;
  overflow: visible;
  text-transform: none;
  display: inline-block;
  font-weight: 400;
  text-align: center;
  vertical-align: middle;
  -webkit-user-select: none;
  -moz-user-select: none;
  -ms-user-select: none;
  -webkit-user-select: none;
  -moz-user-select: none;
  -ms-user-select: none;
  user-select: none;
  background-color: transparent;
  border: 1px solid transparent;
  -webkit-transition: color 0.15s ease-in-out,background-color 0.15s ease-in-out, border-color 0.15s ease-in-out,box-shadow 0.15s ease-in-out;
  transition: color 0.15s ease-in-out,background-color 0.15s ease-in-out, border-color 0.15s ease-in-out,box-shadow 0.15s ease-in-out;
}

.c0::-webkit-file-upload-button {
  font: inherit;
  -webkit-appearance: button;
}

.c0 [type='button'],
.c0 [type='reset'],
.c0 [type='submit'] {
  -webkit-appearance: button;
}

.c0:not(:disabled),
.c0 [type='button']:not(:disabled),
.c0 [type='reset']:not(:disabled),
.c0 [type='submit']:not(:disabled) {
  cursor: pointer;
}

.c0::-moz-focus-inner,
.c0 [type='button']::-moz-focus-inner,
.c0 [type='reset']::-moz-focus-inner,
.c0 [type='submit']::-moz-focus-inner {
  padding: 0;
  border-style: none;
}

.c0:disabled {
  cursor: not-allowed;
}

.c0 {
  padding: 0.25rem 0.5rem;
  font-size: 0.875rem;
  line-height: 1.5;
  border-radius: 0.2rem;
}

.c0 {
  background-color: transparent;
  color: #343546;
  border-color: #343546;
}

.c0:hover,
.c0:active,
.c0:focus {
  background-color: #343546;
  color: #FFFFFF;
  border-color: #343546;
}

.c0:disabled {
  background-color: transparent;
  color: #7C7D8C;
  border-color: #7C7D8C;
}

<div
  className="btn-group"
  data-testid="lesson-navigator"
  role="group"
>
  <button
    aria-label="lesson.back"
    className="c0"
    disabled={false}
    onClick={[Function]}
    size="small"
    type="button"
  >
    <svg
      fill="currentColor"
      height="1em"
      stroke="currentColor"
      strokeWidth="0"
      style={
        Object {
          "color": undefined,
        }
      }
      viewBox="0 0 448 512"
      width="1em"
      xmlns="http://www.w3.org/2000/svg"
    >
      <path
        d="M257.5 445.1l-22.2 22.2c-9.4 9.4-24.6 9.4-33.9 0L7 273c-9.4-9.4-9.4-24.6 0-33.9L201.4 44.7c9.4-9.4 24.6-9.4 33.9 0l22.2 22.2c9.5 9.5 9.3 25-.4 34.3L136.6 216H424c13.3 0 24 10.7 24 24v32c0 13.3-10.7 24-24 24H136.6l120.5 114.8c9.8 9.3 10 24.8.4 34.3z"
      />
    </svg>
     
    lesson.back
     
  </button>
  <button
    aria-label="lesson.skip"
    className="c0"
    disabled={false}
    onClick={[Function]}
    size="small"
    type="button"
  >
     
    lesson.skip
     
    <svg
      fill="currentColor"
      height="1em"
      stroke="currentColor"
      strokeWidth="0"
      style={
        Object {
          "color": undefined,
        }
      }
      viewBox="0 0 448 512"
      width="1em"
      xmlns="http://www.w3.org/2000/svg"
    >
      <path
        d="M190.5 66.9l22.2-22.2c9.4-9.4 24.6-9.4 33.9 0L441 239c9.4 9.4 9.4 24.6 0 33.9L246.6 467.3c-9.4 9.4-24.6 9.4-33.9 0l-22.2-22.2c-9.5-9.5-9.3-25 .4-34.3L311.4 296H24c-13.3 0-24-10.7-24-24v-32c0-13.3 10.7-24 24-24h287.4L190.9 101.2c-9.8-9.3-10-24.8-.4-34.3z"
      />
    </svg>
  </button>
</div>
`;
