// Jest Snapshot v1, https://goo.gl/fbAQLP

exports[`renders correctly 1`] = `
<footer
  className="footer"
>
  <span
    className="copyright"
  >
    Copyright Â© LearnScilla 2018
  </span>
</footer>
`;
