// Jest Snapshot v1, https://goo.gl/fbAQLP

exports[`Auth Modal tests basic tests matches the snapshot 1`] = `
<li
  className="nav-item"
  data-testid="auth-modal"
>
  <a
    className="nav-link cursor-pointer"
    data-testid="toggle"
    onClick={[Function]}
  >
    link.signIn
  </a>
</li>
`;
